[34m [INFO]  [0m client.cpp:18 | Starting Modern Distributed Network File System Client...
[34m [INFO]  [0m client.cpp:22 | Connecting to Naming Server at nm:8080...
DFS> Command Success.
DFS> Enter content (type 'END' on a new line to finish):
Command Success.
DFS> Command Success.
DFS> Command Success.
DFS> Enter content (type 'END' on a new line to finish):
Command Success.
DFS>  - sub_dir
 - sub_dir/nested_file.txt
 - root_file.txt
Command Success.
DFS> Content in the root file.

Command Success.
DFS> This is nested content for redundancy.

Command Success.
DFS> Command Success.
DFS>  - root_file.txt
Command Success.
DFS> [34m [INFO]  [0m client.cpp:35 | Client session ended.
